// Vitest Snapshot v1, https://vitest.dev/guide/snapshot.html

exports[`App component > render home 1`] = `
<div
  class="flex grow justify-center items-center"
>
  I am Home
</div>
`;
